// Jest Snapshot v1, https://goo.gl/fbAQLP

exports[`TranslationBlock the main component render with data and shouldShowTranslation should render and match snapshot 1`] = `
<div
  className="TranslationBlock beside"
>
  Brother James.  Brother James.
</div>
`;
