// Jest Snapshot v1, https://goo.gl/fbAQLP

exports[`Modal renderLine with data should render and not crash 1`] = `
<div
  className="line"
>
  <span
    className="label"
  >
    label123: 
  </span>
  <span
    className="data"
  >
    thisData123
  </span>
</div>
`;

exports[`Modal the main component render with data should render without crashing 1`] = `
<div
  className="Modal"
>
  <div
    className="header"
  >
    <h3>
      Helpful Hint
    </h3>
    <button
      className="toggle-button"
      onClick={[Function]}
      type="button"
    >
      <span
        aria-label="close"
        role="img"
      >
        ‚ùå
      </span>
    </button>
  </div>
  <div
    className="line"
  >
    <span
      className="label"
    >
      Text: 
    </span>
    <span
      className="data"
    >
      Hola.
    </span>
  </div>
  <div
    className="line"
  >
    <span
      className="label"
    >
      Translation: 
    </span>
    <span
      className="data"
    >
      Hello.
    </span>
  </div>
  <div
    className="line"
  >
    <span
      className="label"
    >
      Full Text: 
    </span>
    <span
      className="data"
    >
      original123
    </span>
  </div>
  <div
    className="line"
  >
    <span
      className="label"
    >
      Full Translation: 
    </span>
    <span
      className="data"
    >
      translation123
    </span>
  </div>
  <div
    className="line"
  >
    <span
      className="label"
    >
      Explanation: 
    </span>
    <span
      className="data"
    >
      This is how we say hello,
    </span>
  </div>
</div>
`;
